[paul-themes.com/html/hayley/index04b9.html]
[backblue.gif]
[fade.gif]
[index.html]
[paul-themes.com/html/hayley/css/bootstrap.min.css]
[paul-themes.com/html/hayley/css/owl.carousel.min.css]
[paul-themes.com/html/hayley/css/owl.theme.default.min.css]
[paul-themes.com/html/hayley/css/animate.min.css]
[paul-themes.com/html/hayley/css/jquery.pagepiling.css]
[paul-themes.com/html/hayley/css/jquery.fancybox.min.css]
[paul-themes.com/html/hayley/css/LineIcons.css]
[paul-themes.com/html/hayley/css/style.css]
[paul-themes.com/html/hayley/img/favicons/apple-touch-icon.png]
[paul-themes.com/html/hayley/img/favicons/favicon-32x32.png]
[paul-themes.com/html/hayley/img/favicons/favicon-16x16.png]
[paul-themes.com/html/hayley/img/favicons/safari-pinned-tab.svg]
[paul-themes.com/html/hayley/img/favicons/favicon.ico]
[paul-themes.com/html/hayley/img/favicons/browserconfig.xml]
[paul-themes.com/html/hayley/img/bg-personal-project-1.jpg]
[paul-themes.com/html/hayley/img/bg-personal-project-2.jpg]
[paul-themes.com/html/hayley/img/bg-personal-project-3.jpg]
[paul-themes.com/html/hayley/img/bg-personal-project-4.jpg]
[paul-themes.com/html/hayley/img/pic1.png]
[paul-themes.com/html/hayley/img/pic2.png]
[paul-themes.com/html/hayley/img/pic3.png]
[paul-themes.com/html/hayley/img/pic-client-1.png]
[paul-themes.com/html/hayley/img/pic-client-2.png]
[paul-themes.com/html/hayley/img/pic-client-3.png]
[paul-themes.com/html/hayley/img/pic-client-4.png]
[paul-themes.com/html/hayley/img/pic-client-5.png]
[paul-themes.com/html/hayley/img/pic-client-6.png]
[paul-themes.com/html/hayley/img/pic-client-7.png]
[paul-themes.com/html/hayley/img/pic-client-8.png]
[paul-themes.com/html/hayley/img/pic5.jpg]
[paul-themes.com/html/hayley/img/pic4.jpg]
[code.jquery.com/jquery-1.12.4.min.js]
[paul-themes.com/html/hayley/js/bootstrap.bundle.min.js]
[paul-themes.com/html/hayley/js/owl.carousel.min.js]
[paul-themes.com/html/hayley/js/jquery.pagepiling.min.js]
[paul-themes.com/html/hayley/js/jquery.fancybox.min.js]
[paul-themes.com/html/hayley/js/jquery.validate.min.js]
[paul-themes.com/html/hayley/index04b9.html]
[paul-themes.com/html/hayley/css/bootstrap.min.css]
[paul-themes.com/html/hayley/js/script.js]
[paul-themes.com/html/hayley/css/owl.video.play.png]
[paul-themes.com/html/hayley/css/owl.carousel.min.css]
[paul-themes.com/html/hayley/css/owl.theme.default.min.css]
[paul-themes.com/html/hayley/css/animate.min.css]
[paul-themes.com/html/hayley/css/jquery.pagepiling.css]
[paul-themes.com/html/hayley/css/jquery.fancybox.min.css]
[paul-themes.com/html/hayley/fonts/LineIcons.eot]
[paul-themes.com/html/hayley/fonts/LineIcons.woff2]
[paul-themes.com/html/hayley/fonts/LineIcons.woff]
[paul-themes.com/html/hayley/fonts/LineIcons.ttf]
[paul-themes.com/html/hayley/css/LineIcons.css]
[paul-themes.com/html/hayley/fonts/monumentextended-regular-webfont.woff2]
[paul-themes.com/html/hayley/fonts/monumentextended-regular-webfont.woff]
[paul-themes.com/html/hayley/img/bg-personal-intro.png]
[paul-themes.com/html/hayley/img/bg-personal-intro-man.png]
[paul-themes.com/html/hayley/fonts/LineIcons.svg]
[paul-themes.com/html/hayley/img/bg-personal-intro-man2.png]
[paul-themes.com/html/hayley/img/bg-personal-awards.png]
[paul-themes.com/html/hayley/img/bg-personal-experience-glasses.png]
[paul-themes.com/html/hayley/img/bg-personal-experience-device.png]
[paul-themes.com/html/hayley/img/bg-personal-experience-briefcase.png]
[paul-themes.com/html/hayley/img/bg-personal-clients.png]
[paul-themes.com/html/hayley/img/icon-partners.png]
[paul-themes.com/html/hayley/img/icon-project.png]
[paul-themes.com/html/hayley/img/icon-worldwide.png]
[paul-themes.com/html/hayley/img/bg-personal-testimonials.png]
[paul-themes.com/html/hayley/css/style.css]
[paul-themes.com/html/hayley/img/favicons/site.html]
[paul-themes.com/html/hayley/img/favicons/safari-pinned-tab.svg]
[paul-themes.com/html/hayley/js/jquery.min.html]
[paul-themes.com/html/hayley/js/bootstrap.bundle.min.js]
[paul-themes.com/html/hayley/js/owl.carousel.min.js]
[paul-themes.com/html/hayley/js/jquery.pagepiling.min.js]
[paul-themes.com/html/hayley/js/jquery.fancybox.min.js]
[paul-themes.com/html/hayley/js/jquery.validate.min.js]
[paul-themes.com/html/hayley/js/script.js]
[paul-themes.com/html/hayley/fonts/LineIcons.svg]
